Making all in lib
make[1]: Entering directory '/home/jinchen/USQCD/build/qdpxx/lib'
depbase=`echo qdp_map.o | sed 's|[^/]*$|.deps/&|;s|\.o$||'`;\
/usr/bin/mpicxx -DHAVE_CONFIG_H -I. -I/home/jinchen/USQCD/source/qdpxx/lib -I../include    -I/home/jinchen/USQCD/source/qdpxx/include -I../include -I/home/jinchen/USQCD/source/qdpxx/other_libs/qio/include -I../other_libs/qio/include -I/home/jinchen/USQCD/source/qdpxx/other_libs/qio/other_libs/c-lime/include -I../other_libs/qio/other_libs/c-lime/include -I/home/jinchen/USQCD/source/qdpxx/other_libs/xpath_reader/include   -I/usr/include/hdf5/openmpi/include -I/usr/include/libxml2 -I/home/jinchen/USQCD/install/qmp/include   -O3 -std=c++11 -march=broadwell -ffast-math -funroll-all-loops -fpermissive -fopenmp -I/usr/include/hdf5/openmpi -MT qdp_map.o -MD -MP -MF $depbase.Tpo -c -o qdp_map.o /home/jinchen/USQCD/source/qdpxx/lib/qdp_map.cc &&\
mv -f $depbase.Tpo $depbase.Po
depbase=`echo qdp_subset.o | sed 's|[^/]*$|.deps/&|;s|\.o$||'`;\
/usr/bin/mpicxx -DHAVE_CONFIG_H -I. -I/home/jinchen/USQCD/source/qdpxx/lib -I../include    -I/home/jinchen/USQCD/source/qdpxx/include -I../include -I/home/jinchen/USQCD/source/qdpxx/other_libs/qio/include -I../other_libs/qio/include -I/home/jinchen/USQCD/source/qdpxx/other_libs/qio/other_libs/c-lime/include -I../other_libs/qio/other_libs/c-lime/include -I/home/jinchen/USQCD/source/qdpxx/other_libs/xpath_reader/include   -I/usr/include/hdf5/openmpi/include -I/usr/include/libxml2 -I/home/jinchen/USQCD/install/qmp/include   -O3 -std=c++11 -march=broadwell -ffast-math -funroll-all-loops -fpermissive -fopenmp -I/usr/include/hdf5/openmpi -MT qdp_subset.o -MD -MP -MF $depbase.Tpo -c -o qdp_subset.o /home/jinchen/USQCD/source/qdpxx/lib/qdp_subset.cc &&\
mv -f $depbase.Tpo $depbase.Po
depbase=`echo qdp_random.o | sed 's|[^/]*$|.deps/&|;s|\.o$||'`;\
/usr/bin/mpicxx -DHAVE_CONFIG_H -I. -I/home/jinchen/USQCD/source/qdpxx/lib -I../include    -I/home/jinchen/USQCD/source/qdpxx/include -I../include -I/home/jinchen/USQCD/source/qdpxx/other_libs/qio/include -I../other_libs/qio/include -I/home/jinchen/USQCD/source/qdpxx/other_libs/qio/other_libs/c-lime/include -I../other_libs/qio/other_libs/c-lime/include -I/home/jinchen/USQCD/source/qdpxx/other_libs/xpath_reader/include   -I/usr/include/hdf5/openmpi/include -I/usr/include/libxml2 -I/home/jinchen/USQCD/install/qmp/include   -O3 -std=c++11 -march=broadwell -ffast-math -funroll-all-loops -fpermissive -fopenmp -I/usr/include/hdf5/openmpi -MT qdp_random.o -MD -MP -MF $depbase.Tpo -c -o qdp_random.o /home/jinchen/USQCD/source/qdpxx/lib/qdp_random.cc &&\
mv -f $depbase.Tpo $depbase.Po
depbase=`echo qdp_layout.o | sed 's|[^/]*$|.deps/&|;s|\.o$||'`;\
/usr/bin/mpicxx -DHAVE_CONFIG_H -I. -I/home/jinchen/USQCD/source/qdpxx/lib -I../include    -I/home/jinchen/USQCD/source/qdpxx/include -I../include -I/home/jinchen/USQCD/source/qdpxx/other_libs/qio/include -I../other_libs/qio/include -I/home/jinchen/USQCD/source/qdpxx/other_libs/qio/other_libs/c-lime/include -I../other_libs/qio/other_libs/c-lime/include -I/home/jinchen/USQCD/source/qdpxx/other_libs/xpath_reader/include   -I/usr/include/hdf5/openmpi/include -I/usr/include/libxml2 -I/home/jinchen/USQCD/install/qmp/include   -O3 -std=c++11 -march=broadwell -ffast-math -funroll-all-loops -fpermissive -fopenmp -I/usr/include/hdf5/openmpi -MT qdp_layout.o -MD -MP -MF $depbase.Tpo -c -o qdp_layout.o /home/jinchen/USQCD/source/qdpxx/lib/qdp_layout.cc &&\
mv -f $depbase.Tpo $depbase.Po
depbase=`echo qdp_io.o | sed 's|[^/]*$|.deps/&|;s|\.o$||'`;\
/usr/bin/mpicxx -DHAVE_CONFIG_H -I. -I/home/jinchen/USQCD/source/qdpxx/lib -I../include    -I/home/jinchen/USQCD/source/qdpxx/include -I../include -I/home/jinchen/USQCD/source/qdpxx/other_libs/qio/include -I../other_libs/qio/include -I/home/jinchen/USQCD/source/qdpxx/other_libs/qio/other_libs/c-lime/include -I../other_libs/qio/other_libs/c-lime/include -I/home/jinchen/USQCD/source/qdpxx/other_libs/xpath_reader/include   -I/usr/include/hdf5/openmpi/include -I/usr/include/libxml2 -I/home/jinchen/USQCD/install/qmp/include   -O3 -std=c++11 -march=broadwell -ffast-math -funroll-all-loops -fpermissive -fopenmp -I/usr/include/hdf5/openmpi -MT qdp_io.o -MD -MP -MF $depbase.Tpo -c -o qdp_io.o /home/jinchen/USQCD/source/qdpxx/lib/qdp_io.cc &&\
mv -f $depbase.Tpo $depbase.Po
depbase=`echo qdp_byteorder.o | sed 's|[^/]*$|.deps/&|;s|\.o$||'`;\
/usr/bin/mpicxx -DHAVE_CONFIG_H -I. -I/home/jinchen/USQCD/source/qdpxx/lib -I../include    -I/home/jinchen/USQCD/source/qdpxx/include -I../include -I/home/jinchen/USQCD/source/qdpxx/other_libs/qio/include -I../other_libs/qio/include -I/home/jinchen/USQCD/source/qdpxx/other_libs/qio/other_libs/c-lime/include -I../other_libs/qio/other_libs/c-lime/include -I/home/jinchen/USQCD/source/qdpxx/other_libs/xpath_reader/include   -I/usr/include/hdf5/openmpi/include -I/usr/include/libxml2 -I/home/jinchen/USQCD/install/qmp/include   -O3 -std=c++11 -march=broadwell -ffast-math -funroll-all-loops -fpermissive -fopenmp -I/usr/include/hdf5/openmpi -MT qdp_byteorder.o -MD -MP -MF $depbase.Tpo -c -o qdp_byteorder.o /home/jinchen/USQCD/source/qdpxx/lib/qdp_byteorder.cc &&\
mv -f $depbase.Tpo $depbase.Po
depbase=`echo qdp_util.o | sed 's|[^/]*$|.deps/&|;s|\.o$||'`;\
/usr/bin/mpicxx -DHAVE_CONFIG_H -I. -I/home/jinchen/USQCD/source/qdpxx/lib -I../include    -I/home/jinchen/USQCD/source/qdpxx/include -I../include -I/home/jinchen/USQCD/source/qdpxx/other_libs/qio/include -I../other_libs/qio/include -I/home/jinchen/USQCD/source/qdpxx/other_libs/qio/other_libs/c-lime/include -I../other_libs/qio/other_libs/c-lime/include -I/home/jinchen/USQCD/source/qdpxx/other_libs/xpath_reader/include   -I/usr/include/hdf5/openmpi/include -I/usr/include/libxml2 -I/home/jinchen/USQCD/install/qmp/include   -O3 -std=c++11 -march=broadwell -ffast-math -funroll-all-loops -fpermissive -fopenmp -I/usr/include/hdf5/openmpi -MT qdp_util.o -MD -MP -MF $depbase.Tpo -c -o qdp_util.o /home/jinchen/USQCD/source/qdpxx/lib/qdp_util.cc &&\
mv -f $depbase.Tpo $depbase.Po
depbase=`echo qdp_stdio.o | sed 's|[^/]*$|.deps/&|;s|\.o$||'`;\
/usr/bin/mpicxx -DHAVE_CONFIG_H -I. -I/home/jinchen/USQCD/source/qdpxx/lib -I../include    -I/home/jinchen/USQCD/source/qdpxx/include -I../include -I/home/jinchen/USQCD/source/qdpxx/other_libs/qio/include -I../other_libs/qio/include -I/home/jinchen/USQCD/source/qdpxx/other_libs/qio/other_libs/c-lime/include -I../other_libs/qio/other_libs/c-lime/include -I/home/jinchen/USQCD/source/qdpxx/other_libs/xpath_reader/include   -I/usr/include/hdf5/openmpi/include -I/usr/include/libxml2 -I/home/jinchen/USQCD/install/qmp/include   -O3 -std=c++11 -march=broadwell -ffast-math -funroll-all-loops -fpermissive -fopenmp -I/usr/include/hdf5/openmpi -MT qdp_stdio.o -MD -MP -MF $depbase.Tpo -c -o qdp_stdio.o /home/jinchen/USQCD/source/qdpxx/lib/qdp_stdio.cc &&\
mv -f $depbase.Tpo $depbase.Po
depbase=`echo qdp_profile.o | sed 's|[^/]*$|.deps/&|;s|\.o$||'`;\
/usr/bin/mpicxx -DHAVE_CONFIG_H -I. -I/home/jinchen/USQCD/source/qdpxx/lib -I../include    -I/home/jinchen/USQCD/source/qdpxx/include -I../include -I/home/jinchen/USQCD/source/qdpxx/other_libs/qio/include -I../other_libs/qio/include -I/home/jinchen/USQCD/source/qdpxx/other_libs/qio/other_libs/c-lime/include -I../other_libs/qio/other_libs/c-lime/include -I/home/jinchen/USQCD/source/qdpxx/other_libs/xpath_reader/include   -I/usr/include/hdf5/openmpi/include -I/usr/include/libxml2 -I/home/jinchen/USQCD/install/qmp/include   -O3 -std=c++11 -march=broadwell -ffast-math -funroll-all-loops -fpermissive -fopenmp -I/usr/include/hdf5/openmpi -MT qdp_profile.o -MD -MP -MF $depbase.Tpo -c -o qdp_profile.o /home/jinchen/USQCD/source/qdpxx/lib/qdp_profile.cc &&\
mv -f $depbase.Tpo $depbase.Po
depbase=`echo qdp_strnlen.o | sed 's|[^/]*$|.deps/&|;s|\.o$||'`;\
/usr/bin/mpicxx -DHAVE_CONFIG_H -I. -I/home/jinchen/USQCD/source/qdpxx/lib -I../include    -I/home/jinchen/USQCD/source/qdpxx/include -I../include -I/home/jinchen/USQCD/source/qdpxx/other_libs/qio/include -I../other_libs/qio/include -I/home/jinchen/USQCD/source/qdpxx/other_libs/qio/other_libs/c-lime/include -I../other_libs/qio/other_libs/c-lime/include -I/home/jinchen/USQCD/source/qdpxx/other_libs/xpath_reader/include   -I/usr/include/hdf5/openmpi/include -I/usr/include/libxml2 -I/home/jinchen/USQCD/install/qmp/include   -O3 -std=c++11 -march=broadwell -ffast-math -funroll-all-loops -fpermissive -fopenmp -I/usr/include/hdf5/openmpi -MT qdp_strnlen.o -MD -MP -MF $depbase.Tpo -c -o qdp_strnlen.o /home/jinchen/USQCD/source/qdpxx/lib/qdp_strnlen.cc &&\
mv -f $depbase.Tpo $depbase.Po
depbase=`echo qdp_crc32.o | sed 's|[^/]*$|.deps/&|;s|\.o$||'`;\
/usr/bin/mpicxx -DHAVE_CONFIG_H -I. -I/home/jinchen/USQCD/source/qdpxx/lib -I../include    -I/home/jinchen/USQCD/source/qdpxx/include -I../include -I/home/jinchen/USQCD/source/qdpxx/other_libs/qio/include -I../other_libs/qio/include -I/home/jinchen/USQCD/source/qdpxx/other_libs/qio/other_libs/c-lime/include -I../other_libs/qio/other_libs/c-lime/include -I/home/jinchen/USQCD/source/qdpxx/other_libs/xpath_reader/include   -I/usr/include/hdf5/openmpi/include -I/usr/include/libxml2 -I/home/jinchen/USQCD/install/qmp/include   -O3 -std=c++11 -march=broadwell -ffast-math -funroll-all-loops -fpermissive -fopenmp -I/usr/include/hdf5/openmpi -MT qdp_crc32.o -MD -MP -MF $depbase.Tpo -c -o qdp_crc32.o /home/jinchen/USQCD/source/qdpxx/lib/qdp_crc32.cc &&\
mv -f $depbase.Tpo $depbase.Po
depbase=`echo qdp_stopwatch.o | sed 's|[^/]*$|.deps/&|;s|\.o$||'`;\
/usr/bin/mpicxx -DHAVE_CONFIG_H -I. -I/home/jinchen/USQCD/source/qdpxx/lib -I../include    -I/home/jinchen/USQCD/source/qdpxx/include -I../include -I/home/jinchen/USQCD/source/qdpxx/other_libs/qio/include -I../other_libs/qio/include -I/home/jinchen/USQCD/source/qdpxx/other_libs/qio/other_libs/c-lime/include -I../other_libs/qio/other_libs/c-lime/include -I/home/jinchen/USQCD/source/qdpxx/other_libs/xpath_reader/include   -I/usr/include/hdf5/openmpi/include -I/usr/include/libxml2 -I/home/jinchen/USQCD/install/qmp/include   -O3 -std=c++11 -march=broadwell -ffast-math -funroll-all-loops -fpermissive -fopenmp -I/usr/include/hdf5/openmpi -MT qdp_stopwatch.o -MD -MP -MF $depbase.Tpo -c -o qdp_stopwatch.o /home/jinchen/USQCD/source/qdpxx/lib/qdp_stopwatch.cc &&\
mv -f $depbase.Tpo $depbase.Po
depbase=`echo qdp_rannyu.o | sed 's|[^/]*$|.deps/&|;s|\.o$||'`;\
/usr/bin/mpicxx -DHAVE_CONFIG_H -I. -I/home/jinchen/USQCD/source/qdpxx/lib -I../include    -I/home/jinchen/USQCD/source/qdpxx/include -I../include -I/home/jinchen/USQCD/source/qdpxx/other_libs/qio/include -I../other_libs/qio/include -I/home/jinchen/USQCD/source/qdpxx/other_libs/qio/other_libs/c-lime/include -I../other_libs/qio/other_libs/c-lime/include -I/home/jinchen/USQCD/source/qdpxx/other_libs/xpath_reader/include   -I/usr/include/hdf5/openmpi/include -I/usr/include/libxml2 -I/home/jinchen/USQCD/install/qmp/include   -O3 -std=c++11 -march=broadwell -ffast-math -funroll-all-loops -fpermissive -fopenmp -I/usr/include/hdf5/openmpi -MT qdp_rannyu.o -MD -MP -MF $depbase.Tpo -c -o qdp_rannyu.o /home/jinchen/USQCD/source/qdpxx/lib/qdp_rannyu.cc &&\
mv -f $depbase.Tpo $depbase.Po
/home/jinchen/USQCD/source/qdpxx/lib/qdp_util.cc: In function ‘int QDP::QDP_info(const char*, ...)’:
/home/jinchen/USQCD/source/qdpxx/lib/qdp_util.cc:51:31: warning: ‘%s’ directive writing up to 255 bytes into a region of size between 98 and 118 [-Wformat-overflow=]
   51 |   sprintf (info, "QDP m%d,n%d@%s info: ",
      |                               ^~
   52 |            rank, size, hostname);
      |                        ~~~~~~~~
In file included from /usr/include/stdio.h:894,
                 from /usr/include/c++/11/cstdio:42,
                 from /home/jinchen/USQCD/source/qdpxx/include/qdp.h:86,
                 from /home/jinchen/USQCD/source/qdpxx/lib/qdp_util.cc:10:
/usr/include/x86_64-linux-gnu/bits/stdio2.h:38:34: note: ‘__builtin___sprintf_chk’ output between 18 and 293 bytes into a destination of size 128
   38 |   return __builtin___sprintf_chk (__s, __USE_FORTIFY_LEVEL - 1,
      |          ~~~~~~~~~~~~~~~~~~~~~~~~^~~~~~~~~~~~~~~~~~~~~~~~~~~~~~
   39 |                                   __glibc_objsize (__s), __fmt,
      |                                   ~~~~~~~~~~~~~~~~~~~~~~~~~~~~~
   40 |                                   __va_arg_pack ());
      |                                   ~~~~~~~~~~~~~~~~~
/home/jinchen/USQCD/source/qdpxx/lib/qdp_util.cc: In function ‘int QDP::QDP_error(const char*, ...)’:
/home/jinchen/USQCD/source/qdpxx/lib/qdp_util.cc:77:31: warning: ‘%s’ directive writing up to 255 bytes into a region of size between 98 and 118 [-Wformat-overflow=]
   77 |   sprintf (info, "QDP m%d,n%d@%s error: ", rank, size, hostname);
      |                               ^~                       ~~~~~~~~
In file included from /usr/include/stdio.h:894,
                 from /usr/include/c++/11/cstdio:42,
                 from /home/jinchen/USQCD/source/qdpxx/include/qdp.h:86,
                 from /home/jinchen/USQCD/source/qdpxx/lib/qdp_util.cc:10:
/usr/include/x86_64-linux-gnu/bits/stdio2.h:38:34: note: ‘__builtin___sprintf_chk’ output between 19 and 294 bytes into a destination of size 128
   38 |   return __builtin___sprintf_chk (__s, __USE_FORTIFY_LEVEL - 1,
      |          ~~~~~~~~~~~~~~~~~~~~~~~~^~~~~~~~~~~~~~~~~~~~~~~~~~~~~~
   39 |                                   __glibc_objsize (__s), __fmt,
      |                                   ~~~~~~~~~~~~~~~~~~~~~~~~~~~~~
   40 |                                   __va_arg_pack ());
      |                                   ~~~~~~~~~~~~~~~~~
/home/jinchen/USQCD/source/qdpxx/lib/qdp_util.cc: In function ‘void QDP::QDP_error_exit(const char*, ...)’:
/home/jinchen/USQCD/source/qdpxx/lib/qdp_util.cc:101:31: warning: ‘%s’ directive writing up to 255 bytes into a region of size between 98 and 118 [-Wformat-overflow=]
  101 |   sprintf (info, "QDP m%d,n%d@%s fatal error: ", rank, size, hostname);
      |                               ^~                             ~~~~~~~~
In file included from /usr/include/stdio.h:894,
                 from /usr/include/c++/11/cstdio:42,
                 from /home/jinchen/USQCD/source/qdpxx/include/qdp.h:86,
                 from /home/jinchen/USQCD/source/qdpxx/lib/qdp_util.cc:10:
/usr/include/x86_64-linux-gnu/bits/stdio2.h:38:34: note: ‘__builtin___sprintf_chk’ output between 25 and 300 bytes into a destination of size 128
   38 |   return __builtin___sprintf_chk (__s, __USE_FORTIFY_LEVEL - 1,
      |          ~~~~~~~~~~~~~~~~~~~~~~~~^~~~~~~~~~~~~~~~~~~~~~~~~~~~~~
   39 |                                   __glibc_objsize (__s), __fmt,
      |                                   ~~~~~~~~~~~~~~~~~~~~~~~~~~~~~
   40 |                                   __va_arg_pack ());
      |                                   ~~~~~~~~~~~~~~~~~
depbase=`echo qdp_xmlio.o | sed 's|[^/]*$|.deps/&|;s|\.o$||'`;\
/usr/bin/mpicxx -DHAVE_CONFIG_H -I. -I/home/jinchen/USQCD/source/qdpxx/lib -I../include    -I/home/jinchen/USQCD/source/qdpxx/include -I../include -I/home/jinchen/USQCD/source/qdpxx/other_libs/qio/include -I../other_libs/qio/include -I/home/jinchen/USQCD/source/qdpxx/other_libs/qio/other_libs/c-lime/include -I../other_libs/qio/other_libs/c-lime/include -I/home/jinchen/USQCD/source/qdpxx/other_libs/xpath_reader/include   -I/usr/include/hdf5/openmpi/include -I/usr/include/libxml2 -I/home/jinchen/USQCD/install/qmp/include   -O3 -std=c++11 -march=broadwell -ffast-math -funroll-all-loops -fpermissive -fopenmp -I/usr/include/hdf5/openmpi -MT qdp_xmlio.o -MD -MP -MF $depbase.Tpo -c -o qdp_xmlio.o /home/jinchen/USQCD/source/qdpxx/lib/qdp_xmlio.cc &&\
mv -f $depbase.Tpo $depbase.Po
depbase=`echo qdp_iogauge.o | sed 's|[^/]*$|.deps/&|;s|\.o$||'`;\
/usr/bin/mpicxx -DHAVE_CONFIG_H -I. -I/home/jinchen/USQCD/source/qdpxx/lib -I../include    -I/home/jinchen/USQCD/source/qdpxx/include -I../include -I/home/jinchen/USQCD/source/qdpxx/other_libs/qio/include -I../other_libs/qio/include -I/home/jinchen/USQCD/source/qdpxx/other_libs/qio/other_libs/c-lime/include -I../other_libs/qio/other_libs/c-lime/include -I/home/jinchen/USQCD/source/qdpxx/other_libs/xpath_reader/include   -I/usr/include/hdf5/openmpi/include -I/usr/include/libxml2 -I/home/jinchen/USQCD/install/qmp/include   -O3 -std=c++11 -march=broadwell -ffast-math -funroll-all-loops -fpermissive -fopenmp -I/usr/include/hdf5/openmpi -MT qdp_iogauge.o -MD -MP -MF $depbase.Tpo -c -o qdp_iogauge.o /home/jinchen/USQCD/source/qdpxx/lib/qdp_iogauge.cc &&\
mv -f $depbase.Tpo $depbase.Po
depbase=`echo qdp_qdpio.o | sed 's|[^/]*$|.deps/&|;s|\.o$||'`;\
/usr/bin/mpicxx -DHAVE_CONFIG_H -I. -I/home/jinchen/USQCD/source/qdpxx/lib -I../include    -I/home/jinchen/USQCD/source/qdpxx/include -I../include -I/home/jinchen/USQCD/source/qdpxx/other_libs/qio/include -I../other_libs/qio/include -I/home/jinchen/USQCD/source/qdpxx/other_libs/qio/other_libs/c-lime/include -I../other_libs/qio/other_libs/c-lime/include -I/home/jinchen/USQCD/source/qdpxx/other_libs/xpath_reader/include   -I/usr/include/hdf5/openmpi/include -I/usr/include/libxml2 -I/home/jinchen/USQCD/install/qmp/include   -O3 -std=c++11 -march=broadwell -ffast-math -funroll-all-loops -fpermissive -fopenmp -I/usr/include/hdf5/openmpi -MT qdp_qdpio.o -MD -MP -MF $depbase.Tpo -c -o qdp_qdpio.o /home/jinchen/USQCD/source/qdpxx/lib/qdp_qdpio.cc &&\
mv -f $depbase.Tpo $depbase.Po
depbase=`echo qdp_qio_strings.o | sed 's|[^/]*$|.deps/&|;s|\.o$||'`;\
/usr/bin/mpicxx -DHAVE_CONFIG_H -I. -I/home/jinchen/USQCD/source/qdpxx/lib -I../include    -I/home/jinchen/USQCD/source/qdpxx/include -I../include -I/home/jinchen/USQCD/source/qdpxx/other_libs/qio/include -I../other_libs/qio/include -I/home/jinchen/USQCD/source/qdpxx/other_libs/qio/other_libs/c-lime/include -I../other_libs/qio/other_libs/c-lime/include -I/home/jinchen/USQCD/source/qdpxx/other_libs/xpath_reader/include   -I/usr/include/hdf5/openmpi/include -I/usr/include/libxml2 -I/home/jinchen/USQCD/install/qmp/include   -O3 -std=c++11 -march=broadwell -ffast-math -funroll-all-loops -fpermissive -fopenmp -I/usr/include/hdf5/openmpi -MT qdp_qio_strings.o -MD -MP -MF $depbase.Tpo -c -o qdp_qio_strings.o /home/jinchen/USQCD/source/qdpxx/lib/qdp_qio_strings.cc &&\
mv -f $depbase.Tpo $depbase.Po
depbase=`echo qdp_map_obj_disk.o | sed 's|[^/]*$|.deps/&|;s|\.o$||'`;\
/usr/bin/mpicxx -DHAVE_CONFIG_H -I. -I/home/jinchen/USQCD/source/qdpxx/lib -I../include    -I/home/jinchen/USQCD/source/qdpxx/include -I../include -I/home/jinchen/USQCD/source/qdpxx/other_libs/qio/include -I../other_libs/qio/include -I/home/jinchen/USQCD/source/qdpxx/other_libs/qio/other_libs/c-lime/include -I../other_libs/qio/other_libs/c-lime/include -I/home/jinchen/USQCD/source/qdpxx/other_libs/xpath_reader/include   -I/usr/include/hdf5/openmpi/include -I/usr/include/libxml2 -I/home/jinchen/USQCD/install/qmp/include   -O3 -std=c++11 -march=broadwell -ffast-math -funroll-all-loops -fpermissive -fopenmp -I/usr/include/hdf5/openmpi -MT qdp_map_obj_disk.o -MD -MP -MF $depbase.Tpo -c -o qdp_map_obj_disk.o /home/jinchen/USQCD/source/qdpxx/lib/qdp_map_obj_disk.cc &&\
mv -f $depbase.Tpo $depbase.Po
depbase=`echo qdp_hdf5.o | sed 's|[^/]*$|.deps/&|;s|\.o$||'`;\
/usr/bin/mpicxx -DHAVE_CONFIG_H -I. -I/home/jinchen/USQCD/source/qdpxx/lib -I../include    -I/home/jinchen/USQCD/source/qdpxx/include -I../include -I/home/jinchen/USQCD/source/qdpxx/other_libs/qio/include -I../other_libs/qio/include -I/home/jinchen/USQCD/source/qdpxx/other_libs/qio/other_libs/c-lime/include -I../other_libs/qio/other_libs/c-lime/include -I/home/jinchen/USQCD/source/qdpxx/other_libs/xpath_reader/include   -I/usr/include/hdf5/openmpi/include -I/usr/include/libxml2 -I/home/jinchen/USQCD/install/qmp/include   -O3 -std=c++11 -march=broadwell -ffast-math -funroll-all-loops -fpermissive -fopenmp -I/usr/include/hdf5/openmpi -MT qdp_hdf5.o -MD -MP -MF $depbase.Tpo -c -o qdp_hdf5.o /home/jinchen/USQCD/source/qdpxx/lib/qdp_hdf5.cc &&\
mv -f $depbase.Tpo $depbase.Po
depbase=`echo qdp_parscalar_init.o | sed 's|[^/]*$|.deps/&|;s|\.o$||'`;\
/usr/bin/mpicxx -DHAVE_CONFIG_H -I. -I/home/jinchen/USQCD/source/qdpxx/lib -I../include    -I/home/jinchen/USQCD/source/qdpxx/include -I../include -I/home/jinchen/USQCD/source/qdpxx/other_libs/qio/include -I../other_libs/qio/include -I/home/jinchen/USQCD/source/qdpxx/other_libs/qio/other_libs/c-lime/include -I../other_libs/qio/other_libs/c-lime/include -I/home/jinchen/USQCD/source/qdpxx/other_libs/xpath_reader/include   -I/usr/include/hdf5/openmpi/include -I/usr/include/libxml2 -I/home/jinchen/USQCD/install/qmp/include   -O3 -std=c++11 -march=broadwell -ffast-math -funroll-all-loops -fpermissive -fopenmp -I/usr/include/hdf5/openmpi -MT qdp_parscalar_init.o -MD -MP -MF $depbase.Tpo -c -o qdp_parscalar_init.o /home/jinchen/USQCD/source/qdpxx/lib/qdp_parscalar_init.cc &&\
mv -f $depbase.Tpo $depbase.Po
depbase=`echo qdp_parscalar_layout.o | sed 's|[^/]*$|.deps/&|;s|\.o$||'`;\
/usr/bin/mpicxx -DHAVE_CONFIG_H -I. -I/home/jinchen/USQCD/source/qdpxx/lib -I../include    -I/home/jinchen/USQCD/source/qdpxx/include -I../include -I/home/jinchen/USQCD/source/qdpxx/other_libs/qio/include -I../other_libs/qio/include -I/home/jinchen/USQCD/source/qdpxx/other_libs/qio/other_libs/c-lime/include -I../other_libs/qio/other_libs/c-lime/include -I/home/jinchen/USQCD/source/qdpxx/other_libs/xpath_reader/include   -I/usr/include/hdf5/openmpi/include -I/usr/include/libxml2 -I/home/jinchen/USQCD/install/qmp/include   -O3 -std=c++11 -march=broadwell -ffast-math -funroll-all-loops -fpermissive -fopenmp -I/usr/include/hdf5/openmpi -MT qdp_parscalar_layout.o -MD -MP -MF $depbase.Tpo -c -o qdp_parscalar_layout.o /home/jinchen/USQCD/source/qdpxx/lib/qdp_parscalar_layout.cc &&\
mv -f $depbase.Tpo $depbase.Po
depbase=`echo qdp_parscalar_specific.o | sed 's|[^/]*$|.deps/&|;s|\.o$||'`;\
/usr/bin/mpicxx -DHAVE_CONFIG_H -I. -I/home/jinchen/USQCD/source/qdpxx/lib -I../include    -I/home/jinchen/USQCD/source/qdpxx/include -I../include -I/home/jinchen/USQCD/source/qdpxx/other_libs/qio/include -I../other_libs/qio/include -I/home/jinchen/USQCD/source/qdpxx/other_libs/qio/other_libs/c-lime/include -I../other_libs/qio/other_libs/c-lime/include -I/home/jinchen/USQCD/source/qdpxx/other_libs/xpath_reader/include   -I/usr/include/hdf5/openmpi/include -I/usr/include/libxml2 -I/home/jinchen/USQCD/install/qmp/include   -O3 -std=c++11 -march=broadwell -ffast-math -funroll-all-loops -fpermissive -fopenmp -I/usr/include/hdf5/openmpi -MT qdp_parscalar_specific.o -MD -MP -MF $depbase.Tpo -c -o qdp_parscalar_specific.o /home/jinchen/USQCD/source/qdpxx/lib/qdp_parscalar_specific.cc &&\
mv -f $depbase.Tpo $depbase.Po
depbase=`echo qdp_scalarsite_specific.o | sed 's|[^/]*$|.deps/&|;s|\.o$||'`;\
/usr/bin/mpicxx -DHAVE_CONFIG_H -I. -I/home/jinchen/USQCD/source/qdpxx/lib -I../include    -I/home/jinchen/USQCD/source/qdpxx/include -I../include -I/home/jinchen/USQCD/source/qdpxx/other_libs/qio/include -I../other_libs/qio/include -I/home/jinchen/USQCD/source/qdpxx/other_libs/qio/other_libs/c-lime/include -I../other_libs/qio/other_libs/c-lime/include -I/home/jinchen/USQCD/source/qdpxx/other_libs/xpath_reader/include   -I/usr/include/hdf5/openmpi/include -I/usr/include/libxml2 -I/home/jinchen/USQCD/install/qmp/include   -O3 -std=c++11 -march=broadwell -ffast-math -funroll-all-loops -fpermissive -fopenmp -I/usr/include/hdf5/openmpi -MT qdp_scalarsite_specific.o -MD -MP -MF $depbase.Tpo -c -o qdp_scalarsite_specific.o /home/jinchen/USQCD/source/qdpxx/lib/qdp_scalarsite_specific.cc &&\
mv -f $depbase.Tpo $depbase.Po
depbase=`echo qdp_default_allocator.o | sed 's|[^/]*$|.deps/&|;s|\.o$||'`;\
/usr/bin/mpicxx -DHAVE_CONFIG_H -I. -I/home/jinchen/USQCD/source/qdpxx/lib -I../include    -I/home/jinchen/USQCD/source/qdpxx/include -I../include -I/home/jinchen/USQCD/source/qdpxx/other_libs/qio/include -I../other_libs/qio/include -I/home/jinchen/USQCD/source/qdpxx/other_libs/qio/other_libs/c-lime/include -I../other_libs/qio/other_libs/c-lime/include -I/home/jinchen/USQCD/source/qdpxx/other_libs/xpath_reader/include   -I/usr/include/hdf5/openmpi/include -I/usr/include/libxml2 -I/home/jinchen/USQCD/install/qmp/include   -O3 -std=c++11 -march=broadwell -ffast-math -funroll-all-loops -fpermissive -fopenmp -I/usr/include/hdf5/openmpi -MT qdp_default_allocator.o -MD -MP -MF $depbase.Tpo -c -o qdp_default_allocator.o /home/jinchen/USQCD/source/qdpxx/lib/qdp_default_allocator.cc &&\
mv -f $depbase.Tpo $depbase.Po
depbase=`echo qdp_generic_threadbind.o | sed 's|[^/]*$|.deps/&|;s|\.o$||'`;\
/usr/bin/mpicxx -DHAVE_CONFIG_H -I. -I/home/jinchen/USQCD/source/qdpxx/lib -I../include    -I/home/jinchen/USQCD/source/qdpxx/include -I../include -I/home/jinchen/USQCD/source/qdpxx/other_libs/qio/include -I../other_libs/qio/include -I/home/jinchen/USQCD/source/qdpxx/other_libs/qio/other_libs/c-lime/include -I../other_libs/qio/other_libs/c-lime/include -I/home/jinchen/USQCD/source/qdpxx/other_libs/xpath_reader/include   -I/usr/include/hdf5/openmpi/include -I/usr/include/libxml2 -I/home/jinchen/USQCD/install/qmp/include   -O3 -std=c++11 -march=broadwell -ffast-math -funroll-all-loops -fpermissive -fopenmp -I/usr/include/hdf5/openmpi -MT qdp_generic_threadbind.o -MD -MP -MF $depbase.Tpo -c -o qdp_generic_threadbind.o /home/jinchen/USQCD/source/qdpxx/lib/qdp_generic_threadbind.cc &&\
mv -f $depbase.Tpo $depbase.Po
rm -f libqdp.a
ar cru libqdp.a qdp_map.o qdp_subset.o qdp_random.o qdp_layout.o qdp_io.o qdp_byteorder.o qdp_util.o qdp_stdio.o qdp_profile.o qdp_strnlen.o qdp_crc32.o qdp_stopwatch.o qdp_rannyu.o qdp_xmlio.o qdp_iogauge.o qdp_qdpio.o qdp_qio_strings.o qdp_map_obj_disk.o qdp_hdf5.o  qdp_parscalar_init.o qdp_parscalar_layout.o qdp_parscalar_specific.o qdp_scalarsite_specific.o     qdp_default_allocator.o   qdp_generic_threadbind.o 
ar: `u' modifier ignored since `D' is the default (see `U')
ranlib libqdp.a
make[1]: Leaving directory '/home/jinchen/USQCD/build/qdpxx/lib'
Making all in examples
make[1]: Entering directory '/home/jinchen/USQCD/build/qdpxx/examples'
make[1]: Nothing to be done for 'all'.
make[1]: Leaving directory '/home/jinchen/USQCD/build/qdpxx/examples'
Making all in include
make[1]: Entering directory '/home/jinchen/USQCD/build/qdpxx/include'
make  all-am
make[2]: Entering directory '/home/jinchen/USQCD/build/qdpxx/include'
make[2]: Leaving directory '/home/jinchen/USQCD/build/qdpxx/include'
make[1]: Leaving directory '/home/jinchen/USQCD/build/qdpxx/include'
Making all in other_libs
make[1]: Entering directory '/home/jinchen/USQCD/build/qdpxx/other_libs'
Making all in filedb
make[2]: Entering directory '/home/jinchen/USQCD/build/qdpxx/other_libs/filedb'
Making all in filehash
make[3]: Entering directory '/home/jinchen/USQCD/build/qdpxx/other_libs/filedb/filehash'
/usr/bin/mpicc -DHAVE_CONFIG_H -I. -I/home/jinchen/USQCD/source/qdpxx/other_libs/filedb/filehash -I../src    -D_FILE_OFFSET_BITS=64  -I/home/jinchen/USQCD/source/qdpxx/other_libs/filedb/filehash/include -I../filehash/include -Wall -O3 -march=broadwell -fpermissive -fopenmp -I/usr/include/hdf5/openmpi -MT ffdb_db.o -MD -MP -MF .deps/ffdb_db.Tpo -c -o ffdb_db.o /home/jinchen/USQCD/source/qdpxx/other_libs/filedb/filehash/ffdb_db.c
/usr/bin/mpicc -DHAVE_CONFIG_H -I. -I/home/jinchen/USQCD/source/qdpxx/other_libs/filedb/filehash -I../src    -D_FILE_OFFSET_BITS=64  -I/home/jinchen/USQCD/source/qdpxx/other_libs/filedb/filehash/include -I../filehash/include -Wall -O3 -march=broadwell -fpermissive -fopenmp -I/usr/include/hdf5/openmpi -MT ffdb_hash.o -MD -MP -MF .deps/ffdb_hash.Tpo -c -o ffdb_hash.o /home/jinchen/USQCD/source/qdpxx/other_libs/filedb/filehash/ffdb_hash.c
/usr/bin/mpicc -DHAVE_CONFIG_H -I. -I/home/jinchen/USQCD/source/qdpxx/other_libs/filedb/filehash -I../src    -D_FILE_OFFSET_BITS=64  -I/home/jinchen/USQCD/source/qdpxx/other_libs/filedb/filehash/include -I../filehash/include -Wall -O3 -march=broadwell -fpermissive -fopenmp -I/usr/include/hdf5/openmpi -MT ffdb_hash_func.o -MD -MP -MF .deps/ffdb_hash_func.Tpo -c -o ffdb_hash_func.o /home/jinchen/USQCD/source/qdpxx/other_libs/filedb/filehash/ffdb_hash_func.c
/usr/bin/mpicc -DHAVE_CONFIG_H -I. -I/home/jinchen/USQCD/source/qdpxx/other_libs/filedb/filehash -I../src    -D_FILE_OFFSET_BITS=64  -I/home/jinchen/USQCD/source/qdpxx/other_libs/filedb/filehash/include -I../filehash/include -Wall -O3 -march=broadwell -fpermissive -fopenmp -I/usr/include/hdf5/openmpi -MT ffdb_page.o -MD -MP -MF .deps/ffdb_page.Tpo -c -o ffdb_page.o /home/jinchen/USQCD/source/qdpxx/other_libs/filedb/filehash/ffdb_page.c
/usr/bin/mpicc -DHAVE_CONFIG_H -I. -I/home/jinchen/USQCD/source/qdpxx/other_libs/filedb/filehash -I../src    -D_FILE_OFFSET_BITS=64  -I/home/jinchen/USQCD/source/qdpxx/other_libs/filedb/filehash/include -I../filehash/include -Wall -O3 -march=broadwell -fpermissive -fopenmp -I/usr/include/hdf5/openmpi -MT ffdb_pagepool.o -MD -MP -MF .deps/ffdb_pagepool.Tpo -c -o ffdb_pagepool.o /home/jinchen/USQCD/source/qdpxx/other_libs/filedb/filehash/ffdb_pagepool.c
cc1: warning: command-line option ‘-fpermissive’ is valid for C++/ObjC++ but not for C
cc1: warning: command-line option ‘-fpermissive’ is valid for C++/ObjC++ but not for C
cc1: warning: command-line option ‘-fpermissive’ is valid for C++/ObjC++ but not for C
cc1: warning: command-line option ‘-fpermissive’ is valid for C++/ObjC++ but not for C
cc1: warning: command-line option ‘-fpermissive’ is valid for C++/ObjC++ but not for C
mv -f .deps/ffdb_db.Tpo .deps/ffdb_db.Po
mv -f .deps/ffdb_hash_func.Tpo .deps/ffdb_hash_func.Po
mv -f .deps/ffdb_pagepool.Tpo .deps/ffdb_pagepool.Po
mv -f .deps/ffdb_hash.Tpo .deps/ffdb_hash.Po
mv -f .deps/ffdb_page.Tpo .deps/ffdb_page.Po
rm -f libfilehash.a
ar cru libfilehash.a ffdb_db.o ffdb_hash.o ffdb_hash_func.o ffdb_page.o ffdb_pagepool.o 
ar: `u' modifier ignored since `D' is the default (see `U')
ranlib libfilehash.a
make[3]: Leaving directory '/home/jinchen/USQCD/build/qdpxx/other_libs/filedb/filehash'
Making all in src
make[3]: Entering directory '/home/jinchen/USQCD/build/qdpxx/other_libs/filedb/src'
make  all-am
make[4]: Entering directory '/home/jinchen/USQCD/build/qdpxx/other_libs/filedb/src'
/usr/bin/mpicxx -DHAVE_CONFIG_H -I. -I/home/jinchen/USQCD/source/qdpxx/other_libs/filedb/src    -D_FILEDB_LITTLE_ENDIAN  -std=c++0x -I/home/jinchen/USQCD/source/qdpxx/other_libs/filedb/filehash -O3 -std=c++11 -march=broadwell -ffast-math -funroll-all-loops -fpermissive -fopenmp -I/usr/include/hdf5/openmpi -MT FileDB.o -MD -MP -MF .deps/FileDB.Tpo -c -o FileDB.o /home/jinchen/USQCD/source/qdpxx/other_libs/filedb/src/FileDB.cpp
/usr/bin/mpicxx -DHAVE_CONFIG_H -I. -I/home/jinchen/USQCD/source/qdpxx/other_libs/filedb/src    -D_FILEDB_LITTLE_ENDIAN  -std=c++0x -I/home/jinchen/USQCD/source/qdpxx/other_libs/filedb/filehash -O3 -std=c++11 -march=broadwell -ffast-math -funroll-all-loops -fpermissive -fopenmp -I/usr/include/hdf5/openmpi -MT DBCursor.o -MD -MP -MF .deps/DBCursor.Tpo -c -o DBCursor.o /home/jinchen/USQCD/source/qdpxx/other_libs/filedb/src/DBCursor.cpp
/usr/bin/mpicxx -DHAVE_CONFIG_H -I. -I/home/jinchen/USQCD/source/qdpxx/other_libs/filedb/src    -D_FILEDB_LITTLE_ENDIAN  -std=c++0x -I/home/jinchen/USQCD/source/qdpxx/other_libs/filedb/filehash -O3 -std=c++11 -march=broadwell -ffast-math -funroll-all-loops -fpermissive -fopenmp -I/usr/include/hdf5/openmpi -MT DBFunc.o -MD -MP -MF .deps/DBFunc.Tpo -c -o DBFunc.o /home/jinchen/USQCD/source/qdpxx/other_libs/filedb/src/DBFunc.cpp
/usr/bin/mpicxx -DHAVE_CONFIG_H -I. -I/home/jinchen/USQCD/source/qdpxx/other_libs/filedb/src    -D_FILEDB_LITTLE_ENDIAN  -std=c++0x -I/home/jinchen/USQCD/source/qdpxx/other_libs/filedb/filehash -O3 -std=c++11 -march=broadwell -ffast-math -funroll-all-loops -fpermissive -fopenmp -I/usr/include/hdf5/openmpi -MT DBString.o -MD -MP -MF .deps/DBString.Tpo -c -o DBString.o /home/jinchen/USQCD/source/qdpxx/other_libs/filedb/src/DBString.cpp
/usr/bin/mpicxx -DHAVE_CONFIG_H -I. -I/home/jinchen/USQCD/source/qdpxx/other_libs/filedb/src    -D_FILEDB_LITTLE_ENDIAN  -std=c++0x -I/home/jinchen/USQCD/source/qdpxx/other_libs/filedb/filehash -O3 -std=c++11 -march=broadwell -ffast-math -funroll-all-loops -fpermissive -fopenmp -I/usr/include/hdf5/openmpi -MT ConfDataStoreDB.o -MD -MP -MF .deps/ConfDataStoreDB.Tpo -c -o ConfDataStoreDB.o /home/jinchen/USQCD/source/qdpxx/other_libs/filedb/src/ConfDataStoreDB.cpp
/usr/bin/mpicxx -DHAVE_CONFIG_H -I. -I/home/jinchen/USQCD/source/qdpxx/other_libs/filedb/src    -D_FILEDB_LITTLE_ENDIAN  -std=c++0x -I/home/jinchen/USQCD/source/qdpxx/other_libs/filedb/filehash -O3 -std=c++11 -march=broadwell -ffast-math -funroll-all-loops -fpermissive -fopenmp -I/usr/include/hdf5/openmpi -MT AllConfStoreDB.o -MD -MP -MF .deps/AllConfStoreDB.Tpo -c -o AllConfStoreDB.o /home/jinchen/USQCD/source/qdpxx/other_libs/filedb/src/AllConfStoreDB.cpp
/usr/bin/mpicxx -DHAVE_CONFIG_H -I. -I/home/jinchen/USQCD/source/qdpxx/other_libs/filedb/src    -D_FILEDB_LITTLE_ENDIAN  -std=c++0x -I/home/jinchen/USQCD/source/qdpxx/other_libs/filedb/filehash -O3 -std=c++11 -march=broadwell -ffast-math -funroll-all-loops -fpermissive -fopenmp -I/usr/include/hdf5/openmpi -MT ConfDataDBMerger.o -MD -MP -MF .deps/ConfDataDBMerger.Tpo -c -o ConfDataDBMerger.o /home/jinchen/USQCD/source/qdpxx/other_libs/filedb/src/ConfDataDBMerger.cpp
/usr/bin/mpicxx -DHAVE_CONFIG_H -I. -I/home/jinchen/USQCD/source/qdpxx/other_libs/filedb/src    -D_FILEDB_LITTLE_ENDIAN  -std=c++0x -I/home/jinchen/USQCD/source/qdpxx/other_libs/filedb/filehash -O3 -std=c++11 -march=broadwell -ffast-math -funroll-all-loops -fpermissive -fopenmp -I/usr/include/hdf5/openmpi -MT ConfigInfo.o -MD -MP -MF .deps/ConfigInfo.Tpo -c -o ConfigInfo.o /home/jinchen/USQCD/source/qdpxx/other_libs/filedb/src/ConfigInfo.cpp
/usr/bin/mpicxx -DHAVE_CONFIG_H -I. -I/home/jinchen/USQCD/source/qdpxx/other_libs/filedb/src    -D_FILEDB_LITTLE_ENDIAN  -std=c++0x -I/home/jinchen/USQCD/source/qdpxx/other_libs/filedb/filehash -O3 -std=c++11 -march=broadwell -ffast-math -funroll-all-loops -fpermissive -fopenmp -I/usr/include/hdf5/openmpi -MT HashFunc.o -MD -MP -MF .deps/HashFunc.Tpo -c -o HashFunc.o /home/jinchen/USQCD/source/qdpxx/other_libs/filedb/src/HashFunc.cpp
/usr/bin/mpicxx -DHAVE_CONFIG_H -I. -I/home/jinchen/USQCD/source/qdpxx/other_libs/filedb/src    -D_FILEDB_LITTLE_ENDIAN  -std=c++0x -I/home/jinchen/USQCD/source/qdpxx/other_libs/filedb/filehash -O3 -std=c++11 -march=broadwell -ffast-math -funroll-all-loops -fpermissive -fopenmp -I/usr/include/hdf5/openmpi -MT VFloatData.o -MD -MP -MF .deps/VFloatData.Tpo -c -o VFloatData.o /home/jinchen/USQCD/source/qdpxx/other_libs/filedb/src/VFloatData.cpp
mv -f .deps/AllConfStoreDB.Tpo .deps/AllConfStoreDB.Po
mv -f .deps/ConfDataDBMerger.Tpo .deps/ConfDataDBMerger.Po
mv -f .deps/ConfDataStoreDB.Tpo .deps/ConfDataStoreDB.Po
mv -f .deps/HashFunc.Tpo .deps/HashFunc.Po
mv -f .deps/ConfigInfo.Tpo .deps/ConfigInfo.Po
mv -f .deps/DBCursor.Tpo .deps/DBCursor.Po
mv -f .deps/DBFunc.Tpo .deps/DBFunc.Po
mv -f .deps/FileDB.Tpo .deps/FileDB.Po
mv -f .deps/VFloatData.Tpo .deps/VFloatData.Po
mv -f .deps/DBString.Tpo .deps/DBString.Po
rm -f libfiledb.a
ar cru libfiledb.a FileDB.o DBCursor.o DBFunc.o DBString.o ConfDataStoreDB.o AllConfStoreDB.o ConfDataDBMerger.o ConfigInfo.o HashFunc.o VFloatData.o 
ar: `u' modifier ignored since `D' is the default (see `U')
ranlib libfiledb.a
make[4]: Leaving directory '/home/jinchen/USQCD/build/qdpxx/other_libs/filedb/src'
make[3]: Leaving directory '/home/jinchen/USQCD/build/qdpxx/other_libs/filedb/src'
make[3]: Entering directory '/home/jinchen/USQCD/build/qdpxx/other_libs/filedb'
make[3]: Nothing to be done for 'all-am'.
make[3]: Leaving directory '/home/jinchen/USQCD/build/qdpxx/other_libs/filedb'
make[2]: Leaving directory '/home/jinchen/USQCD/build/qdpxx/other_libs/filedb'
Making all in qio
make[2]: Entering directory '/home/jinchen/USQCD/build/qdpxx/other_libs/qio'
Making all in other_libs
make[3]: Entering directory '/home/jinchen/USQCD/build/qdpxx/other_libs/qio/other_libs'
Making all in c-lime
make[4]: Entering directory '/home/jinchen/USQCD/build/qdpxx/other_libs/qio/other_libs/c-lime'
Making all in include
make[5]: Entering directory '/home/jinchen/USQCD/build/qdpxx/other_libs/qio/other_libs/c-lime/include'
make  all-am
make[6]: Entering directory '/home/jinchen/USQCD/build/qdpxx/other_libs/qio/other_libs/c-lime/include'
make[6]: Leaving directory '/home/jinchen/USQCD/build/qdpxx/other_libs/qio/other_libs/c-lime/include'
make[5]: Leaving directory '/home/jinchen/USQCD/build/qdpxx/other_libs/qio/other_libs/c-lime/include'
Making all in lib
make[5]: Entering directory '/home/jinchen/USQCD/build/qdpxx/other_libs/qio/other_libs/c-lime/lib'
depbase=`echo lime_writer.o | sed 's|[^/]*$|.deps/&|;s|\.o$||'`;\
/usr/bin/mpicc -DHAVE_CONFIG_H -I. -I/home/jinchen/USQCD/source/qdpxx/other_libs/qio/other_libs/c-lime/lib -I../include    -I/home/jinchen/USQCD/source/qdpxx/other_libs/qio/other_libs/c-lime/include -I../include -O3 -march=broadwell -fpermissive -fopenmp -I/usr/include/hdf5/openmpi -MT lime_writer.o -MD -MP -MF $depbase.Tpo -c -o lime_writer.o /home/jinchen/USQCD/source/qdpxx/other_libs/qio/other_libs/c-lime/lib/lime_writer.c &&\
mv -f $depbase.Tpo $depbase.Po
depbase=`echo lime_header.o | sed 's|[^/]*$|.deps/&|;s|\.o$||'`;\
/usr/bin/mpicc -DHAVE_CONFIG_H -I. -I/home/jinchen/USQCD/source/qdpxx/other_libs/qio/other_libs/c-lime/lib -I../include    -I/home/jinchen/USQCD/source/qdpxx/other_libs/qio/other_libs/c-lime/include -I../include -O3 -march=broadwell -fpermissive -fopenmp -I/usr/include/hdf5/openmpi -MT lime_header.o -MD -MP -MF $depbase.Tpo -c -o lime_header.o /home/jinchen/USQCD/source/qdpxx/other_libs/qio/other_libs/c-lime/lib/lime_header.c &&\
mv -f $depbase.Tpo $depbase.Po
depbase=`echo lime_utils.o | sed 's|[^/]*$|.deps/&|;s|\.o$||'`;\
/usr/bin/mpicc -DHAVE_CONFIG_H -I. -I/home/jinchen/USQCD/source/qdpxx/other_libs/qio/other_libs/c-lime/lib -I../include    -I/home/jinchen/USQCD/source/qdpxx/other_libs/qio/other_libs/c-lime/include -I../include -O3 -march=broadwell -fpermissive -fopenmp -I/usr/include/hdf5/openmpi -MT lime_utils.o -MD -MP -MF $depbase.Tpo -c -o lime_utils.o /home/jinchen/USQCD/source/qdpxx/other_libs/qio/other_libs/c-lime/lib/lime_utils.c &&\
mv -f $depbase.Tpo $depbase.Po
depbase=`echo lime_reader.o | sed 's|[^/]*$|.deps/&|;s|\.o$||'`;\
/usr/bin/mpicc -DHAVE_CONFIG_H -I. -I/home/jinchen/USQCD/source/qdpxx/other_libs/qio/other_libs/c-lime/lib -I../include    -I/home/jinchen/USQCD/source/qdpxx/other_libs/qio/other_libs/c-lime/include -I../include -O3 -march=broadwell -fpermissive -fopenmp -I/usr/include/hdf5/openmpi -MT lime_reader.o -MD -MP -MF $depbase.Tpo -c -o lime_reader.o /home/jinchen/USQCD/source/qdpxx/other_libs/qio/other_libs/c-lime/lib/lime_reader.c &&\
mv -f $depbase.Tpo $depbase.Po
depbase=`echo lime_fseeko.o | sed 's|[^/]*$|.deps/&|;s|\.o$||'`;\
/usr/bin/mpicc -DHAVE_CONFIG_H -I. -I/home/jinchen/USQCD/source/qdpxx/other_libs/qio/other_libs/c-lime/lib -I../include    -I/home/jinchen/USQCD/source/qdpxx/other_libs/qio/other_libs/c-lime/include -I../include -O3 -march=broadwell -fpermissive -fopenmp -I/usr/include/hdf5/openmpi -MT lime_fseeko.o -MD -MP -MF $depbase.Tpo -c -o lime_fseeko.o /home/jinchen/USQCD/source/qdpxx/other_libs/qio/other_libs/c-lime/lib/lime_fseeko.c &&\
mv -f $depbase.Tpo $depbase.Po
cc1: warning: command-line option ‘-fpermissive’ is valid for C++/ObjC++ but not for C
cc1: warning: command-line option ‘-fpermissive’ is valid for C++/ObjC++ but not for C
cc1: warning: command-line option ‘-fpermissive’ is valid for C++/ObjC++ but not for C
cc1: warning: command-line option ‘-fpermissive’ is valid for C++/ObjC++ but not for C
cc1: warning: command-line option ‘-fpermissive’ is valid for C++/ObjC++ but not for C
rm -f liblime.a
ar cru liblime.a lime_writer.o lime_header.o lime_utils.o lime_reader.o lime_fseeko.o 
ar: `u' modifier ignored since `D' is the default (see `U')
ranlib liblime.a
make[5]: Leaving directory '/home/jinchen/USQCD/build/qdpxx/other_libs/qio/other_libs/c-lime/lib'
Making all in examples
make[5]: Entering directory '/home/jinchen/USQCD/build/qdpxx/other_libs/qio/other_libs/c-lime/examples'
depbase=`echo lime_contents.o | sed 's|[^/]*$|.deps/&|;s|\.o$||'`;\
/usr/bin/mpicc -DHAVE_CONFIG_H -I. -I/home/jinchen/USQCD/source/qdpxx/other_libs/qio/other_libs/c-lime/examples -I../include    -I/home/jinchen/USQCD/source/qdpxx/other_libs/qio/other_libs/c-lime/include -I../include -O3 -march=broadwell -fpermissive -fopenmp -I/usr/include/hdf5/openmpi -MT lime_contents.o -MD -MP -MF $depbase.Tpo -c -o lime_contents.o /home/jinchen/USQCD/source/qdpxx/other_libs/qio/other_libs/c-lime/examples/lime_contents.c &&\
mv -f $depbase.Tpo $depbase.Po
depbase=`echo lime_extract_record.o | sed 's|[^/]*$|.deps/&|;s|\.o$||'`;\
/usr/bin/mpicc -DHAVE_CONFIG_H -I. -I/home/jinchen/USQCD/source/qdpxx/other_libs/qio/other_libs/c-lime/examples -I../include    -I/home/jinchen/USQCD/source/qdpxx/other_libs/qio/other_libs/c-lime/include -I../include -O3 -march=broadwell -fpermissive -fopenmp -I/usr/include/hdf5/openmpi -MT lime_extract_record.o -MD -MP -MF $depbase.Tpo -c -o lime_extract_record.o /home/jinchen/USQCD/source/qdpxx/other_libs/qio/other_libs/c-lime/examples/lime_extract_record.c &&\
mv -f $depbase.Tpo $depbase.Po
depbase=`echo lime_extract_type.o | sed 's|[^/]*$|.deps/&|;s|\.o$||'`;\
/usr/bin/mpicc -DHAVE_CONFIG_H -I. -I/home/jinchen/USQCD/source/qdpxx/other_libs/qio/other_libs/c-lime/examples -I../include    -I/home/jinchen/USQCD/source/qdpxx/other_libs/qio/other_libs/c-lime/include -I../include -O3 -march=broadwell -fpermissive -fopenmp -I/usr/include/hdf5/openmpi -MT lime_extract_type.o -MD -MP -MF $depbase.Tpo -c -o lime_extract_type.o /home/jinchen/USQCD/source/qdpxx/other_libs/qio/other_libs/c-lime/examples/lime_extract_type.c &&\
mv -f $depbase.Tpo $depbase.Po
depbase=`echo lime_pack.o | sed 's|[^/]*$|.deps/&|;s|\.o$||'`;\
/usr/bin/mpicc -DHAVE_CONFIG_H -I. -I/home/jinchen/USQCD/source/qdpxx/other_libs/qio/other_libs/c-lime/examples -I../include    -I/home/jinchen/USQCD/source/qdpxx/other_libs/qio/other_libs/c-lime/include -I../include -O3 -march=broadwell -fpermissive -fopenmp -I/usr/include/hdf5/openmpi -MT lime_pack.o -MD -MP -MF $depbase.Tpo -c -o lime_pack.o /home/jinchen/USQCD/source/qdpxx/other_libs/qio/other_libs/c-lime/examples/lime_pack.c &&\
mv -f $depbase.Tpo $depbase.Po
depbase=`echo lime_unpack.o | sed 's|[^/]*$|.deps/&|;s|\.o$||'`;\
/usr/bin/mpicc -DHAVE_CONFIG_H -I. -I/home/jinchen/USQCD/source/qdpxx/other_libs/qio/other_libs/c-lime/examples -I../include    -I/home/jinchen/USQCD/source/qdpxx/other_libs/qio/other_libs/c-lime/include -I../include -O3 -march=broadwell -fpermissive -fopenmp -I/usr/include/hdf5/openmpi -MT lime_unpack.o -MD -MP -MF $depbase.Tpo -c -o lime_unpack.o /home/jinchen/USQCD/source/qdpxx/other_libs/qio/other_libs/c-lime/examples/lime_unpack.c &&\
mv -f $depbase.Tpo $depbase.Po
cc1: warning: command-line option ‘-fpermissive’ is valid for C++/ObjC++ but not for C
cc1: warning: command-line option ‘-fpermissive’ is valid for C++/ObjC++ but not for C
cc1: warning: command-line option ‘-fpermissive’ is valid for C++/ObjC++ but not for C
cc1: warning: command-line option ‘-fpermissive’ is valid for C++/ObjC++ but not for C
cc1: warning: command-line option ‘-fpermissive’ is valid for C++/ObjC++ but not for C
/usr/bin/mpicc -I/home/jinchen/USQCD/source/qdpxx/other_libs/qio/other_libs/c-lime/include -I../include -O3 -march=broadwell -fpermissive -fopenmp -I/usr/include/hdf5/openmpi -L../lib  -L/usr/local/openmpi/lib  -o lime_extract_type lime_extract_type.o -llime 
/usr/bin/mpicc -I/home/jinchen/USQCD/source/qdpxx/other_libs/qio/other_libs/c-lime/include -I../include -O3 -march=broadwell -fpermissive -fopenmp -I/usr/include/hdf5/openmpi -L../lib  -L/usr/local/openmpi/lib  -o lime_extract_record lime_extract_record.o -llime 
/usr/bin/mpicc -I/home/jinchen/USQCD/source/qdpxx/other_libs/qio/other_libs/c-lime/include -I../include -O3 -march=broadwell -fpermissive -fopenmp -I/usr/include/hdf5/openmpi -L../lib  -L/usr/local/openmpi/lib  -o lime_contents lime_contents.o -llime 
/usr/bin/mpicc -I/home/jinchen/USQCD/source/qdpxx/other_libs/qio/other_libs/c-lime/include -I../include -O3 -march=broadwell -fpermissive -fopenmp -I/usr/include/hdf5/openmpi -L../lib  -L/usr/local/openmpi/lib  -o lime_unpack lime_unpack.o -llime 
/usr/bin/mpicc -I/home/jinchen/USQCD/source/qdpxx/other_libs/qio/other_libs/c-lime/include -I../include -O3 -march=broadwell -fpermissive -fopenmp -I/usr/include/hdf5/openmpi -L../lib  -L/usr/local/openmpi/lib  -o lime_pack lime_pack.o -llime 
make[5]: Leaving directory '/home/jinchen/USQCD/build/qdpxx/other_libs/qio/other_libs/c-lime/examples'
Making all in doc
make[5]: Entering directory '/home/jinchen/USQCD/build/qdpxx/other_libs/qio/other_libs/c-lime/doc'
make[5]: Nothing to be done for 'all'.
make[5]: Leaving directory '/home/jinchen/USQCD/build/qdpxx/other_libs/qio/other_libs/c-lime/doc'
make[5]: Entering directory '/home/jinchen/USQCD/build/qdpxx/other_libs/qio/other_libs/c-lime'
make[5]: Nothing to be done for 'all-am'.
make[5]: Leaving directory '/home/jinchen/USQCD/build/qdpxx/other_libs/qio/other_libs/c-lime'
make[4]: Leaving directory '/home/jinchen/USQCD/build/qdpxx/other_libs/qio/other_libs/c-lime'
make[4]: Entering directory '/home/jinchen/USQCD/build/qdpxx/other_libs/qio/other_libs'
make[4]: Nothing to be done for 'all-am'.
make[4]: Leaving directory '/home/jinchen/USQCD/build/qdpxx/other_libs/qio/other_libs'
make[3]: Leaving directory '/home/jinchen/USQCD/build/qdpxx/other_libs/qio/other_libs'
Making all in lib
make[3]: Entering directory '/home/jinchen/USQCD/build/qdpxx/other_libs/qio/lib'
depbase=`echo qio/QIO_close_read.o | sed 's|[^/]*$|.deps/&|;s|\.o$||'`;\
/usr/bin/mpicc -DHAVE_CONFIG_H -I. -I/home/jinchen/USQCD/source/qdpxx/other_libs/qio/lib -I../include    -I/home/jinchen/USQCD/source/qdpxx/other_libs/qio/include -I/home/jinchen/USQCD/source/qdpxx/other_libs/qio/other_libs/c-lime/include -I../include -I../other_libs/c-lime/include -I/home/jinchen/USQCD/install/qmp/include -O3 -march=broadwell -fpermissive -fopenmp -I/usr/include/hdf5/openmpi -MT qio/QIO_close_read.o -MD -MP -MF $depbase.Tpo -c -o qio/QIO_close_read.o /home/jinchen/USQCD/source/qdpxx/other_libs/qio/lib/qio/QIO_close_read.c &&\
mv -f $depbase.Tpo $depbase.Po
depbase=`echo qio/QIO_close_write.o | sed 's|[^/]*$|.deps/&|;s|\.o$||'`;\
/usr/bin/mpicc -DHAVE_CONFIG_H -I. -I/home/jinchen/USQCD/source/qdpxx/other_libs/qio/lib -I../include    -I/home/jinchen/USQCD/source/qdpxx/other_libs/qio/include -I/home/jinchen/USQCD/source/qdpxx/other_libs/qio/other_libs/c-lime/include -I../include -I../other_libs/c-lime/include -I/home/jinchen/USQCD/install/qmp/include -O3 -march=broadwell -fpermissive -fopenmp -I/usr/include/hdf5/openmpi -MT qio/QIO_close_write.o -MD -MP -MF $depbase.Tpo -c -o qio/QIO_close_write.o /home/jinchen/USQCD/source/qdpxx/other_libs/qio/lib/qio/QIO_close_write.c &&\
mv -f $depbase.Tpo $depbase.Po
depbase=`echo qio/QIO_info.o | sed 's|[^/]*$|.deps/&|;s|\.o$||'`;\
/usr/bin/mpicc -DHAVE_CONFIG_H -I. -I/home/jinchen/USQCD/source/qdpxx/other_libs/qio/lib -I../include    -I/home/jinchen/USQCD/source/qdpxx/other_libs/qio/include -I/home/jinchen/USQCD/source/qdpxx/other_libs/qio/other_libs/c-lime/include -I../include -I../other_libs/c-lime/include -I/home/jinchen/USQCD/install/qmp/include -O3 -march=broadwell -fpermissive -fopenmp -I/usr/include/hdf5/openmpi -MT qio/QIO_info.o -MD -MP -MF $depbase.Tpo -c -o qio/QIO_info.o /home/jinchen/USQCD/source/qdpxx/other_libs/qio/lib/qio/QIO_info.c &&\
mv -f $depbase.Tpo $depbase.Po
depbase=`echo qio/QIO_info_ildg_record.o | sed 's|[^/]*$|.deps/&|;s|\.o$||'`;\
/usr/bin/mpicc -DHAVE_CONFIG_H -I. -I/home/jinchen/USQCD/source/qdpxx/other_libs/qio/lib -I../include    -I/home/jinchen/USQCD/source/qdpxx/other_libs/qio/include -I/home/jinchen/USQCD/source/qdpxx/other_libs/qio/other_libs/c-lime/include -I../include -I../other_libs/c-lime/include -I/home/jinchen/USQCD/install/qmp/include -O3 -march=broadwell -fpermissive -fopenmp -I/usr/include/hdf5/openmpi -MT qio/QIO_info_ildg_record.o -MD -MP -MF $depbase.Tpo -c -o qio/QIO_info_ildg_record.o /home/jinchen/USQCD/source/qdpxx/other_libs/qio/lib/qio/QIO_info_ildg_record.c &&\
mv -f $depbase.Tpo $depbase.Po
depbase=`echo qio/QIO_info_private.o | sed 's|[^/]*$|.deps/&|;s|\.o$||'`;\
/usr/bin/mpicc -DHAVE_CONFIG_H -I. -I/home/jinchen/USQCD/source/qdpxx/other_libs/qio/lib -I../include    -I/home/jinchen/USQCD/source/qdpxx/other_libs/qio/include -I/home/jinchen/USQCD/source/qdpxx/other_libs/qio/other_libs/c-lime/include -I../include -I../other_libs/c-lime/include -I/home/jinchen/USQCD/install/qmp/include -O3 -march=broadwell -fpermissive -fopenmp -I/usr/include/hdf5/openmpi -MT qio/QIO_info_private.o -MD -MP -MF $depbase.Tpo -c -o qio/QIO_info_private.o /home/jinchen/USQCD/source/qdpxx/other_libs/qio/lib/qio/QIO_info_private.c &&\
mv -f $depbase.Tpo $depbase.Po
depbase=`echo qio/QIO_info_usqcd_gauge.o | sed 's|[^/]*$|.deps/&|;s|\.o$||'`;\
/usr/bin/mpicc -DHAVE_CONFIG_H -I. -I/home/jinchen/USQCD/source/qdpxx/other_libs/qio/lib -I../include    -I/home/jinchen/USQCD/source/qdpxx/other_libs/qio/include -I/home/jinchen/USQCD/source/qdpxx/other_libs/qio/other_libs/c-lime/include -I../include -I../other_libs/c-lime/include -I/home/jinchen/USQCD/install/qmp/include -O3 -march=broadwell -fpermissive -fopenmp -I/usr/include/hdf5/openmpi -MT qio/QIO_info_usqcd_gauge.o -MD -MP -MF $depbase.Tpo -c -o qio/QIO_info_usqcd_gauge.o /home/jinchen/USQCD/source/qdpxx/other_libs/qio/lib/qio/QIO_info_usqcd_gauge.c &&\
mv -f $depbase.Tpo $depbase.Po
depbase=`echo qio/QIO_info_usqcd_ksprop.o | sed 's|[^/]*$|.deps/&|;s|\.o$||'`;\
/usr/bin/mpicc -DHAVE_CONFIG_H -I. -I/home/jinchen/USQCD/source/qdpxx/other_libs/qio/lib -I../include    -I/home/jinchen/USQCD/source/qdpxx/other_libs/qio/include -I/home/jinchen/USQCD/source/qdpxx/other_libs/qio/other_libs/c-lime/include -I../include -I../other_libs/c-lime/include -I/home/jinchen/USQCD/install/qmp/include -O3 -march=broadwell -fpermissive -fopenmp -I/usr/include/hdf5/openmpi -MT qio/QIO_info_usqcd_ksprop.o -MD -MP -MF $depbase.Tpo -c -o qio/QIO_info_usqcd_ksprop.o /home/jinchen/USQCD/source/qdpxx/other_libs/qio/lib/qio/QIO_info_usqcd_ksprop.c &&\
mv -f $depbase.Tpo $depbase.Po
depbase=`echo qio/QIO_info_usqcd_prop.o | sed 's|[^/]*$|.deps/&|;s|\.o$||'`;\
/usr/bin/mpicc -DHAVE_CONFIG_H -I. -I/home/jinchen/USQCD/source/qdpxx/other_libs/qio/lib -I../include    -I/home/jinchen/USQCD/source/qdpxx/other_libs/qio/include -I/home/jinchen/USQCD/source/qdpxx/other_libs/qio/other_libs/c-lime/include -I../include -I../other_libs/c-lime/include -I/home/jinchen/USQCD/install/qmp/include -O3 -march=broadwell -fpermissive -fopenmp -I/usr/include/hdf5/openmpi -MT qio/QIO_info_usqcd_prop.o -MD -MP -MF $depbase.Tpo -c -o qio/QIO_info_usqcd_prop.o /home/jinchen/USQCD/source/qdpxx/other_libs/qio/lib/qio/QIO_info_usqcd_prop.c &&\
mv -f $depbase.Tpo $depbase.Po
depbase=`echo qio/QIO_next_record.o | sed 's|[^/]*$|.deps/&|;s|\.o$||'`;\
/usr/bin/mpicc -DHAVE_CONFIG_H -I. -I/home/jinchen/USQCD/source/qdpxx/other_libs/qio/lib -I../include    -I/home/jinchen/USQCD/source/qdpxx/other_libs/qio/include -I/home/jinchen/USQCD/source/qdpxx/other_libs/qio/other_libs/c-lime/include -I../include -I../other_libs/c-lime/include -I/home/jinchen/USQCD/install/qmp/include -O3 -march=broadwell -fpermissive -fopenmp -I/usr/include/hdf5/openmpi -MT qio/QIO_next_record.o -MD -MP -MF $depbase.Tpo -c -o qio/QIO_next_record.o /home/jinchen/USQCD/source/qdpxx/other_libs/qio/lib/qio/QIO_next_record.c &&\
mv -f $depbase.Tpo $depbase.Po
depbase=`echo qio/QIO_open_read.o | sed 's|[^/]*$|.deps/&|;s|\.o$||'`;\
/usr/bin/mpicc -DHAVE_CONFIG_H -I. -I/home/jinchen/USQCD/source/qdpxx/other_libs/qio/lib -I../include    -I/home/jinchen/USQCD/source/qdpxx/other_libs/qio/include -I/home/jinchen/USQCD/source/qdpxx/other_libs/qio/other_libs/c-lime/include -I../include -I../other_libs/c-lime/include -I/home/jinchen/USQCD/install/qmp/include -O3 -march=broadwell -fpermissive -fopenmp -I/usr/include/hdf5/openmpi -MT qio/QIO_open_read.o -MD -MP -MF $depbase.Tpo -c -o qio/QIO_open_read.o /home/jinchen/USQCD/source/qdpxx/other_libs/qio/lib/qio/QIO_open_read.c &&\
mv -f $depbase.Tpo $depbase.Po
cc1: warning: command-line option ‘-fpermissive’ is valid for C++/ObjC++ but not for C
cc1: warning: command-line option ‘-fpermissive’ is valid for C++/ObjC++ but not for C
cc1: warning: command-line option ‘-fpermissive’ is valid for C++/ObjC++ but not for C
cc1: warning: command-line option ‘-fpermissive’ is valid for C++/ObjC++ but not for C
cc1: warning: command-line option ‘-fpermissive’ is valid for C++/ObjC++ but not for C
cc1: warning: command-line option ‘-fpermissive’ is valid for C++/ObjC++ but not for C
cc1: warning: command-line option ‘-fpermissive’ is valid for C++/ObjC++ but not for C
cc1: warning: command-line option ‘-fpermissive’ is valid for C++/ObjC++ but not for C
cc1: warning: command-line option ‘-fpermissive’ is valid for C++/ObjC++ but not for C
cc1: warning: command-line option ‘-fpermissive’ is valid for C++/ObjC++ but not for C
depbase=`echo qio/QIO_open_write.o | sed 's|[^/]*$|.deps/&|;s|\.o$||'`;\
/usr/bin/mpicc -DHAVE_CONFIG_H -I. -I/home/jinchen/USQCD/source/qdpxx/other_libs/qio/lib -I../include    -I/home/jinchen/USQCD/source/qdpxx/other_libs/qio/include -I/home/jinchen/USQCD/source/qdpxx/other_libs/qio/other_libs/c-lime/include -I../include -I../other_libs/c-lime/include -I/home/jinchen/USQCD/install/qmp/include -O3 -march=broadwell -fpermissive -fopenmp -I/usr/include/hdf5/openmpi -MT qio/QIO_open_write.o -MD -MP -MF $depbase.Tpo -c -o qio/QIO_open_write.o /home/jinchen/USQCD/source/qdpxx/other_libs/qio/lib/qio/QIO_open_write.c &&\
mv -f $depbase.Tpo $depbase.Po
depbase=`echo qio/QIO_read.o | sed 's|[^/]*$|.deps/&|;s|\.o$||'`;\
/usr/bin/mpicc -DHAVE_CONFIG_H -I. -I/home/jinchen/USQCD/source/qdpxx/other_libs/qio/lib -I../include    -I/home/jinchen/USQCD/source/qdpxx/other_libs/qio/include -I/home/jinchen/USQCD/source/qdpxx/other_libs/qio/other_libs/c-lime/include -I../include -I../other_libs/c-lime/include -I/home/jinchen/USQCD/install/qmp/include -O3 -march=broadwell -fpermissive -fopenmp -I/usr/include/hdf5/openmpi -MT qio/QIO_read.o -MD -MP -MF $depbase.Tpo -c -o qio/QIO_read.o /home/jinchen/USQCD/source/qdpxx/other_libs/qio/lib/qio/QIO_read.c &&\
mv -f $depbase.Tpo $depbase.Po
cc1: warning: command-line option ‘-fpermissive’ is valid for C++/ObjC++ but not for C
cc1: warning: command-line option ‘-fpermissive’ is valid for C++/ObjC++ but not for C
depbase=`echo qio/QIO_read_record_data.o | sed 's|[^/]*$|.deps/&|;s|\.o$||'`;\
/usr/bin/mpicc -DHAVE_CONFIG_H -I. -I/home/jinchen/USQCD/source/qdpxx/other_libs/qio/lib -I../include    -I/home/jinchen/USQCD/source/qdpxx/other_libs/qio/include -I/home/jinchen/USQCD/source/qdpxx/other_libs/qio/other_libs/c-lime/include -I../include -I../other_libs/c-lime/include -I/home/jinchen/USQCD/install/qmp/include -O3 -march=broadwell -fpermissive -fopenmp -I/usr/include/hdf5/openmpi -MT qio/QIO_read_record_data.o -MD -MP -MF $depbase.Tpo -c -o qio/QIO_read_record_data.o /home/jinchen/USQCD/source/qdpxx/other_libs/qio/lib/qio/QIO_read_record_data.c &&\
mv -f $depbase.Tpo $depbase.Po
cc1: warning: command-line option ‘-fpermissive’ is valid for C++/ObjC++ but not for C
depbase=`echo qio/QIO_read_record_info.o | sed 's|[^/]*$|.deps/&|;s|\.o$||'`;\
/usr/bin/mpicc -DHAVE_CONFIG_H -I. -I/home/jinchen/USQCD/source/qdpxx/other_libs/qio/lib -I../include    -I/home/jinchen/USQCD/source/qdpxx/other_libs/qio/include -I/home/jinchen/USQCD/source/qdpxx/other_libs/qio/other_libs/c-lime/include -I../include -I../other_libs/c-lime/include -I/home/jinchen/USQCD/install/qmp/include -O3 -march=broadwell -fpermissive -fopenmp -I/usr/include/hdf5/openmpi -MT qio/QIO_read_record_info.o -MD -MP -MF $depbase.Tpo -c -o qio/QIO_read_record_info.o /home/jinchen/USQCD/source/qdpxx/other_libs/qio/lib/qio/QIO_read_record_info.c &&\
mv -f $depbase.Tpo $depbase.Po
depbase=`echo qio/QIO_string.o | sed 's|[^/]*$|.deps/&|;s|\.o$||'`;\
/usr/bin/mpicc -DHAVE_CONFIG_H -I. -I/home/jinchen/USQCD/source/qdpxx/other_libs/qio/lib -I../include    -I/home/jinchen/USQCD/source/qdpxx/other_libs/qio/include -I/home/jinchen/USQCD/source/qdpxx/other_libs/qio/other_libs/c-lime/include -I../include -I../other_libs/c-lime/include -I/home/jinchen/USQCD/install/qmp/include -O3 -march=broadwell -fpermissive -fopenmp -I/usr/include/hdf5/openmpi -MT qio/QIO_string.o -MD -MP -MF $depbase.Tpo -c -o qio/QIO_string.o /home/jinchen/USQCD/source/qdpxx/other_libs/qio/lib/qio/QIO_string.c &&\
mv -f $depbase.Tpo $depbase.Po
cc1: warning: command-line option ‘-fpermissive’ is valid for C++/ObjC++ but not for C
cc1: warning: command-line option ‘-fpermissive’ is valid for C++/ObjC++ but not for C
depbase=`echo qio/QIO_utils.o | sed 's|[^/]*$|.deps/&|;s|\.o$||'`;\
/usr/bin/mpicc -DHAVE_CONFIG_H -I. -I/home/jinchen/USQCD/source/qdpxx/other_libs/qio/lib -I../include    -I/home/jinchen/USQCD/source/qdpxx/other_libs/qio/include -I/home/jinchen/USQCD/source/qdpxx/other_libs/qio/other_libs/c-lime/include -I../include -I../other_libs/c-lime/include -I/home/jinchen/USQCD/install/qmp/include -O3 -march=broadwell -fpermissive -fopenmp -I/usr/include/hdf5/openmpi -MT qio/QIO_utils.o -MD -MP -MF $depbase.Tpo -c -o qio/QIO_utils.o /home/jinchen/USQCD/source/qdpxx/other_libs/qio/lib/qio/QIO_utils.c &&\
mv -f $depbase.Tpo $depbase.Po
cc1: warning: command-line option ‘-fpermissive’ is valid for C++/ObjC++ but not for C
depbase=`echo qio/QIO_write.o | sed 's|[^/]*$|.deps/&|;s|\.o$||'`;\
/usr/bin/mpicc -DHAVE_CONFIG_H -I. -I/home/jinchen/USQCD/source/qdpxx/other_libs/qio/lib -I../include    -I/home/jinchen/USQCD/source/qdpxx/other_libs/qio/include -I/home/jinchen/USQCD/source/qdpxx/other_libs/qio/other_libs/c-lime/include -I../include -I../other_libs/c-lime/include -I/home/jinchen/USQCD/install/qmp/include -O3 -march=broadwell -fpermissive -fopenmp -I/usr/include/hdf5/openmpi -MT qio/QIO_write.o -MD -MP -MF $depbase.Tpo -c -o qio/QIO_write.o /home/jinchen/USQCD/source/qdpxx/other_libs/qio/lib/qio/QIO_write.c &&\
mv -f $depbase.Tpo $depbase.Po
depbase=`echo qio/QIO_host_file_conversion.o | sed 's|[^/]*$|.deps/&|;s|\.o$||'`;\
/usr/bin/mpicc -DHAVE_CONFIG_H -I. -I/home/jinchen/USQCD/source/qdpxx/other_libs/qio/lib -I../include    -I/home/jinchen/USQCD/source/qdpxx/other_libs/qio/include -I/home/jinchen/USQCD/source/qdpxx/other_libs/qio/other_libs/c-lime/include -I../include -I../other_libs/c-lime/include -I/home/jinchen/USQCD/install/qmp/include -O3 -march=broadwell -fpermissive -fopenmp -I/usr/include/hdf5/openmpi -MT qio/QIO_host_file_conversion.o -MD -MP -MF $depbase.Tpo -c -o qio/QIO_host_file_conversion.o /home/jinchen/USQCD/source/qdpxx/other_libs/qio/lib/qio/QIO_host_file_conversion.c &&\
mv -f $depbase.Tpo $depbase.Po
cc1: warning: command-line option ‘-fpermissive’ is valid for C++/ObjC++ but not for C
cc1: warning: command-line option ‘-fpermissive’ is valid for C++/ObjC++ but not for C
depbase=`echo qio/QIO_host_utils.o | sed 's|[^/]*$|.deps/&|;s|\.o$||'`;\
/usr/bin/mpicc -DHAVE_CONFIG_H -I. -I/home/jinchen/USQCD/source/qdpxx/other_libs/qio/lib -I../include    -I/home/jinchen/USQCD/source/qdpxx/other_libs/qio/include -I/home/jinchen/USQCD/source/qdpxx/other_libs/qio/other_libs/c-lime/include -I../include -I../other_libs/c-lime/include -I/home/jinchen/USQCD/install/qmp/include -O3 -march=broadwell -fpermissive -fopenmp -I/usr/include/hdf5/openmpi -MT qio/QIO_host_utils.o -MD -MP -MF $depbase.Tpo -c -o qio/QIO_host_utils.o /home/jinchen/USQCD/source/qdpxx/other_libs/qio/lib/qio/QIO_host_utils.c &&\
mv -f $depbase.Tpo $depbase.Po
cc1: warning: command-line option ‘-fpermissive’ is valid for C++/ObjC++ but not for C
depbase=`echo dml/DML_crc32.o | sed 's|[^/]*$|.deps/&|;s|\.o$||'`;\
/usr/bin/mpicc -DHAVE_CONFIG_H -I. -I/home/jinchen/USQCD/source/qdpxx/other_libs/qio/lib -I../include    -I/home/jinchen/USQCD/source/qdpxx/other_libs/qio/include -I/home/jinchen/USQCD/source/qdpxx/other_libs/qio/other_libs/c-lime/include -I../include -I../other_libs/c-lime/include -I/home/jinchen/USQCD/install/qmp/include -O3 -march=broadwell -fpermissive -fopenmp -I/usr/include/hdf5/openmpi -MT dml/DML_crc32.o -MD -MP -MF $depbase.Tpo -c -o dml/DML_crc32.o /home/jinchen/USQCD/source/qdpxx/other_libs/qio/lib/dml/DML_crc32.c &&\
mv -f $depbase.Tpo $depbase.Po
depbase=`echo dml/DML_utils.o | sed 's|[^/]*$|.deps/&|;s|\.o$||'`;\
/usr/bin/mpicc -DHAVE_CONFIG_H -I. -I/home/jinchen/USQCD/source/qdpxx/other_libs/qio/lib -I../include    -I/home/jinchen/USQCD/source/qdpxx/other_libs/qio/include -I/home/jinchen/USQCD/source/qdpxx/other_libs/qio/other_libs/c-lime/include -I../include -I../other_libs/c-lime/include -I/home/jinchen/USQCD/install/qmp/include -O3 -march=broadwell -fpermissive -fopenmp -I/usr/include/hdf5/openmpi -MT dml/DML_utils.o -MD -MP -MF $depbase.Tpo -c -o dml/DML_utils.o /home/jinchen/USQCD/source/qdpxx/other_libs/qio/lib/dml/DML_utils.c &&\
mv -f $depbase.Tpo $depbase.Po
depbase=`echo lrl/LRL_main.o | sed 's|[^/]*$|.deps/&|;s|\.o$||'`;\
/usr/bin/mpicc -DHAVE_CONFIG_H -I. -I/home/jinchen/USQCD/source/qdpxx/other_libs/qio/lib -I../include    -I/home/jinchen/USQCD/source/qdpxx/other_libs/qio/include -I/home/jinchen/USQCD/source/qdpxx/other_libs/qio/other_libs/c-lime/include -I../include -I../other_libs/c-lime/include -I/home/jinchen/USQCD/install/qmp/include -O3 -march=broadwell -fpermissive -fopenmp -I/usr/include/hdf5/openmpi -MT lrl/LRL_main.o -MD -MP -MF $depbase.Tpo -c -o lrl/LRL_main.o /home/jinchen/USQCD/source/qdpxx/other_libs/qio/lib/lrl/LRL_main.c &&\
mv -f $depbase.Tpo $depbase.Po
cc1: warning: command-line option ‘-fpermissive’ is valid for C++/ObjC++ but not for C
cc1: warning: command-line option ‘-fpermissive’ is valid for C++/ObjC++ but not for C
cc1: warning: command-line option ‘-fpermissive’ is valid for C++/ObjC++ but not for C
depbase=`echo dml/DML_parscalar.o | sed 's|[^/]*$|.deps/&|;s|\.o$||'`;\
/usr/bin/mpicc -DHAVE_CONFIG_H -I. -I/home/jinchen/USQCD/source/qdpxx/other_libs/qio/lib -I../include    -I/home/jinchen/USQCD/source/qdpxx/other_libs/qio/include -I/home/jinchen/USQCD/source/qdpxx/other_libs/qio/other_libs/c-lime/include -I../include -I../other_libs/c-lime/include -I/home/jinchen/USQCD/install/qmp/include -O3 -march=broadwell -fpermissive -fopenmp -I/usr/include/hdf5/openmpi -MT dml/DML_parscalar.o -MD -MP -MF $depbase.Tpo -c -o dml/DML_parscalar.o /home/jinchen/USQCD/source/qdpxx/other_libs/qio/lib/dml/DML_parscalar.c &&\
mv -f $depbase.Tpo $depbase.Po
cc1: warning: command-line option ‘-fpermissive’ is valid for C++/ObjC++ but not for C
depbase=`echo dml/DML_route.o | sed 's|[^/]*$|.deps/&|;s|\.o$||'`;\
/usr/bin/mpicc -DHAVE_CONFIG_H -I. -I/home/jinchen/USQCD/source/qdpxx/other_libs/qio/lib -I../include    -I/home/jinchen/USQCD/source/qdpxx/other_libs/qio/include -I/home/jinchen/USQCD/source/qdpxx/other_libs/qio/other_libs/c-lime/include -I../include -I../other_libs/c-lime/include -I/home/jinchen/USQCD/install/qmp/include -O3 -march=broadwell -fpermissive -fopenmp -I/usr/include/hdf5/openmpi -MT dml/DML_route.o -MD -MP -MF $depbase.Tpo -c -o dml/DML_route.o /home/jinchen/USQCD/source/qdpxx/other_libs/qio/lib/dml/DML_route.c &&\
mv -f $depbase.Tpo $depbase.Po
cc1: warning: command-line option ‘-fpermissive’ is valid for C++/ObjC++ but not for C
/home/jinchen/USQCD/source/qdpxx/other_libs/qio/lib/dml/DML_parscalar.c: In function ‘DML_sum_uint64_t’:
/home/jinchen/USQCD/source/qdpxx/other_libs/qio/lib/dml/DML_parscalar.c:19:3: warning: implicit declaration of function ‘QMP_sum_uint64_t’; did you mean ‘DML_sum_uint64_t’? [-Wimplicit-function-declaration]
   19 |   QMP_sum_uint64_t(ipt);
      |   ^~~~~~~~~~~~~~~~
      |   DML_sum_uint64_t
rm -f libqio.a
ar cru libqio.a qio/QIO_close_read.o qio/QIO_close_write.o qio/QIO_info.o qio/QIO_info_ildg_record.o qio/QIO_info_private.o qio/QIO_info_usqcd_gauge.o qio/QIO_info_usqcd_ksprop.o qio/QIO_info_usqcd_prop.o qio/QIO_next_record.o qio/QIO_open_read.o qio/QIO_open_write.o qio/QIO_read.o qio/QIO_read_record_data.o qio/QIO_read_record_info.o qio/QIO_string.o qio/QIO_utils.o qio/QIO_write.o qio/QIO_host_file_conversion.o qio/QIO_host_utils.o dml/DML_crc32.o dml/DML_utils.o lrl/LRL_main.o dml/DML_parscalar.o dml/DML_route.o 
ar: `u' modifier ignored since `D' is the default (see `U')
ranlib libqio.a
make[3]: Leaving directory '/home/jinchen/USQCD/build/qdpxx/other_libs/qio/lib'
Making all in include
make[3]: Entering directory '/home/jinchen/USQCD/build/qdpxx/other_libs/qio/include'
make  all-am
make[4]: Entering directory '/home/jinchen/USQCD/build/qdpxx/other_libs/qio/include'
make[4]: Leaving directory '/home/jinchen/USQCD/build/qdpxx/other_libs/qio/include'
make[3]: Leaving directory '/home/jinchen/USQCD/build/qdpxx/other_libs/qio/include'
Making all in bin
make[3]: Entering directory '/home/jinchen/USQCD/build/qdpxx/other_libs/qio/bin'
make[3]: Nothing to be done for 'all'.
make[3]: Leaving directory '/home/jinchen/USQCD/build/qdpxx/other_libs/qio/bin'
Making all in examples
make[3]: Entering directory '/home/jinchen/USQCD/build/qdpxx/other_libs/qio/examples'
depbase=`echo qio-convert-mesh-ppfs.o | sed 's|[^/]*$|.deps/&|;s|\.o$||'`;\
/usr/bin/mpicc -DHAVE_CONFIG_H -I. -I/home/jinchen/USQCD/source/qdpxx/other_libs/qio/examples -I../include    -I/home/jinchen/USQCD/source/qdpxx/other_libs/qio/include -I/home/jinchen/USQCD/source/qdpxx/other_libs/qio/other_libs/c-lime/include -I../include -I../other_libs/c-lime/include -I/home/jinchen/USQCD/install/qmp/include -O3 -march=broadwell -fpermissive -fopenmp -I/usr/include/hdf5/openmpi -MT qio-convert-mesh-ppfs.o -MD -MP -MF $depbase.Tpo -c -o qio-convert-mesh-ppfs.o /home/jinchen/USQCD/source/qdpxx/other_libs/qio/examples/qio-convert-mesh-ppfs.c &&\
mv -f $depbase.Tpo $depbase.Po
depbase=`echo qio-convert-mesh.o | sed 's|[^/]*$|.deps/&|;s|\.o$||'`;\
/usr/bin/mpicc -DHAVE_CONFIG_H -I. -I/home/jinchen/USQCD/source/qdpxx/other_libs/qio/examples -I../include    -I/home/jinchen/USQCD/source/qdpxx/other_libs/qio/include -I/home/jinchen/USQCD/source/qdpxx/other_libs/qio/other_libs/c-lime/include -I../include -I../other_libs/c-lime/include -I/home/jinchen/USQCD/install/qmp/include -O3 -march=broadwell -fpermissive -fopenmp -I/usr/include/hdf5/openmpi -MT qio-convert-mesh.o -MD -MP -MF $depbase.Tpo -c -o qio-convert-mesh.o /home/jinchen/USQCD/source/qdpxx/other_libs/qio/examples/qio-convert-mesh.c &&\
mv -f $depbase.Tpo $depbase.Po
depbase=`echo qio-mesh-utilities.o | sed 's|[^/]*$|.deps/&|;s|\.o$||'`;\
/usr/bin/mpicc -DHAVE_CONFIG_H -I. -I/home/jinchen/USQCD/source/qdpxx/other_libs/qio/examples -I../include    -I/home/jinchen/USQCD/source/qdpxx/other_libs/qio/include -I/home/jinchen/USQCD/source/qdpxx/other_libs/qio/other_libs/c-lime/include -I../include -I../other_libs/c-lime/include -I/home/jinchen/USQCD/install/qmp/include -O3 -march=broadwell -fpermissive -fopenmp -I/usr/include/hdf5/openmpi -MT qio-mesh-utilities.o -MD -MP -MF $depbase.Tpo -c -o qio-mesh-utilities.o /home/jinchen/USQCD/source/qdpxx/other_libs/qio/examples/qio-mesh-utilities.c &&\
mv -f $depbase.Tpo $depbase.Po
depbase=`echo layout_hyper_mesh.o | sed 's|[^/]*$|.deps/&|;s|\.o$||'`;\
/usr/bin/mpicc -DHAVE_CONFIG_H -I. -I/home/jinchen/USQCD/source/qdpxx/other_libs/qio/examples -I../include    -I/home/jinchen/USQCD/source/qdpxx/other_libs/qio/include -I/home/jinchen/USQCD/source/qdpxx/other_libs/qio/other_libs/c-lime/include -I../include -I../other_libs/c-lime/include -I/home/jinchen/USQCD/install/qmp/include -O3 -march=broadwell -fpermissive -fopenmp -I/usr/include/hdf5/openmpi -MT layout_hyper_mesh.o -MD -MP -MF $depbase.Tpo -c -o layout_hyper_mesh.o /home/jinchen/USQCD/source/qdpxx/other_libs/qio/examples/layout_hyper_mesh.c &&\
mv -f $depbase.Tpo $depbase.Po
depbase=`echo qio-copy-mesh-ppfs.o | sed 's|[^/]*$|.deps/&|;s|\.o$||'`;\
/usr/bin/mpicc -DHAVE_CONFIG_H -I. -I/home/jinchen/USQCD/source/qdpxx/other_libs/qio/examples -I../include    -I/home/jinchen/USQCD/source/qdpxx/other_libs/qio/include -I/home/jinchen/USQCD/source/qdpxx/other_libs/qio/other_libs/c-lime/include -I../include -I../other_libs/c-lime/include -I/home/jinchen/USQCD/install/qmp/include -O3 -march=broadwell -fpermissive -fopenmp -I/usr/include/hdf5/openmpi -MT qio-copy-mesh-ppfs.o -MD -MP -MF $depbase.Tpo -c -o qio-copy-mesh-ppfs.o /home/jinchen/USQCD/source/qdpxx/other_libs/qio/examples/qio-copy-mesh-ppfs.c &&\
mv -f $depbase.Tpo $depbase.Po
cc1: warning: command-line option ‘-fpermissive’ is valid for C++/ObjC++ but not for C
cc1: warning: command-line option ‘-fpermissive’ is valid for C++/ObjC++ but not for C
cc1: warning: command-line option ‘-fpermissive’ is valid for C++/ObjC++ but not for C
cc1: warning: command-line option ‘-fpermissive’ is valid for C++/ObjC++ but not for C
cc1: warning: command-line option ‘-fpermissive’ is valid for C++/ObjC++ but not for C
/usr/bin/mpicc -I/home/jinchen/USQCD/source/qdpxx/other_libs/qio/include -I/home/jinchen/USQCD/source/qdpxx/other_libs/qio/other_libs/c-lime/include -I../include -I../other_libs/c-lime/include -I/home/jinchen/USQCD/install/qmp/include -O3 -march=broadwell -fpermissive -fopenmp -I/usr/include/hdf5/openmpi -L../lib -L../other_libs/c-lime/lib -L/home/jinchen/USQCD/install/qmp/lib -L/usr/local/openmpi/lib  -o qio-copy-mesh-ppfs qio-copy-mesh-ppfs.o qio-mesh-utilities.o -lqio -llime -lqmp  -lqmp -lm -lqmp
/usr/bin/ld: ../lib/libqio.a(DML_parscalar.o): in function `DML_sum_uint64_t':
DML_parscalar.c:(.text+0x7): undefined reference to `QMP_sum_uint64_t'
collect2: error: ld returned 1 exit status
make[3]: *** [Makefile:499: qio-copy-mesh-ppfs] Error 1
make[3]: *** Waiting for unfinished jobs....
make[3]: Leaving directory '/home/jinchen/USQCD/build/qdpxx/other_libs/qio/examples'
make[2]: *** [Makefile:358: all-recursive] Error 1
make[2]: Leaving directory '/home/jinchen/USQCD/build/qdpxx/other_libs/qio'
make[1]: *** [Makefile:354: all-recursive] Error 1
make[1]: Leaving directory '/home/jinchen/USQCD/build/qdpxx/other_libs'
make: *** [Makefile:489: all-recursive] Error 1
